src/pages/admin/AdminLayout.tsx(236,28): error TS2339: Property 'icon' does not exist on type 'MenuDividerType | MenuItemType | SubMenuType<MenuItemType> | MenuItemGroupType<MenuItemType>'.
  Property 'icon' does not exist on type 'MenuDividerType'.
src/pages/admin/AdminLayout.tsx(245,28): error TS2339: Property 'label' does not exist on type 'MenuDividerType | MenuItemType | SubMenuType<MenuItemType> | MenuItemGroupType<MenuItemType>'.
  Property 'label' does not exist on type 'MenuDividerType'.
src/pages/admin/GuestsPage.tsx(2,97): error TS6133: 'FloatButton' is declared but its value is never read.
src/pages/admin/GuestsPage.tsx(48,9): error TS6133: 'handleClear' is declared but its value is never read.
src/pages/admin/GuestsPage.tsx(433,29): error TS2367: This comparison appears to be unintentional because the types '"yes" | "no" | null' and '"pending"' have no overlap.
src/pages/admin/GuestsPage.tsx(540,15): error TS6133: 'isParent' is declared but its value is never read.
src/pages/admin/GuestsPage.tsx(663,16): error TS18047: 'statusA' is possibly 'null'.
src/pages/admin/GuestsPage.tsx(663,38): error TS2769: No overload matches this call.
  Overload 1 of 3, '(that: string, locales?: LocalesArgument, options?: CollatorOptions | undefined): number', gave the following error.
    Argument of type 'string | null' is not assignable to parameter of type 'string'.
      Type 'null' is not assignable to type 'string'.
  Overload 2 of 3, '(that: string, locales?: string | string[] | undefined, options?: CollatorOptions | undefined): number', gave the following error.
    Argument of type 'string | null' is not assignable to parameter of type 'string'.
      Type 'null' is not assignable to type 'string'.
  Overload 3 of 3, '(that: string): number', gave the following error.
    Argument of type 'string | null' is not assignable to parameter of type 'string'.
      Type 'null' is not assignable to type 'string'.
src/pages/admin/GuestsPage.tsx(990,15): error TS2322: Type '{ placeholder: string; allowClear: true; size: string; style: { flex: number; minWidth: string; }; onSearch: Dispatch<SetStateAction<string>>; onChange: (e: ChangeEvent<HTMLInputElement>) => void; className: string; }' is not assignable to type 'IntrinsicAttributes & { placeholder?: string | undefined; allowClear?: boolean | undefined; style?: CSSProperties | undefined; onSearch?: ((value: string) => void) | undefined; onChange?: ((e: ChangeEvent<...>) => void) | undefined; value?: string | undefined; prefix?: ReactNode; }'.
  Property 'size' does not exist on type 'IntrinsicAttributes & { placeholder?: string | undefined; allowClear?: boolean | undefined; style?: CSSProperties | undefined; onSearch?: ((value: string) => void) | undefined; onChange?: ((e: ChangeEvent<...>) => void) | undefined; value?: string | undefined; prefix?: ReactNode; }'.
src/pages/admin/SeatingPage.tsx(69,9): error TS6133: 'seatingManager' is declared but its value is never read.
